// Jest Snapshot v1, https://goo.gl/fbAQLP

exports[`App should render properly 1`] = `
<div
  className="sc-bwzfXH fKwfZK"
>
  <section
    className="sc-bdVaJa esgPqa"
  >
    <div
      className="wrapper"
      onClick={[Function]}
    />
  </section>
</div>
`;
