// Jest Snapshot v1, https://goo.gl/fbAQLP

exports[`BouncingBall should render properly 1`] = `<div />`;
